// Jest Snapshot v1, https://goo.gl/fbAQLP

exports[`expandWithDifferences handles neg values 1`] = `
[
  [
    -9,
    -13,
    -17,
    -21,
    -25,
    -29,
    -33,
    -37,
    -41,
    -45,
    -49,
    -53,
    -57,
    -61,
    -65,
    -69,
    -73,
    -77,
    -81,
    -85,
    -89,
  ],
  [
    -4,
    -4,
    -4,
    -4,
    -4,
    -4,
    -4,
    -4,
    -4,
    -4,
    -4,
    -4,
    -4,
    -4,
    -4,
    -4,
    -4,
    -4,
    -4,
    -4,
  ],
  [
    0,
    0,
    0,
    0,
    0,
    0,
    0,
    0,
    0,
    0,
    0,
    0,
    0,
    0,
    0,
    0,
    0,
    0,
    0,
  ],
]
`;
